Verified signed manifest revision 42 and 4 packages.
[
  {
    "target": "windows-amd64",
    "setup_bytes": 6312448,
    "launcher_bytes": 7327232,
    "launcher_zip_bytes": 5754228,
    "compiled": true,
    "executed_here": false
  },
  {
    "target": "linux-amd64",
    "setup_bytes": 6107288,
    "launcher_bytes": 7110808,
    "launcher_zip_bytes": 5616450,
    "compiled": true,
    "executed_here": false
  },
  {
    "target": "darwin-amd64",
    "setup_bytes": 6268256,
    "launcher_bytes": 7288112,
    "launcher_zip_bytes": 5710516,
    "compiled": true,
    "executed_here": false
  },
  {
    "target": "darwin-arm64",
    "setup_bytes": 6012018,
    "launcher_bytes": 7002690,
    "launcher_zip_bytes": 5354623,
    "compiled": true,
    "executed_here": false
  }
]
Verified signed manifest revision 42 and 4 packages.
{
  "version": "0.4.2",
  "repository": "MOO2-Social-Gaming-Community/MOO2-SGC---Launcher-and-Installer",
  "tag": "v0.4.2",
  "assets": [
    "launcher-0.4.2-windows-amd64.zip",
    "MOO2-SGC-Setup.exe",
    "launcher-0.4.2-linux-amd64.zip",
    "MOO2-SGC-Setup-linux-amd64",
    "launcher-0.4.2-darwin-amd64.zip",
    "MOO2-SGC-Setup-darwin-amd64",
    "launcher-0.4.2-darwin-arm64.zip",
    "MOO2-SGC-Setup-darwin-arm64",
    "manifest.json",
    "manifest.sig",
    "trust-public.json",
    "SHA256SUMS.txt",
    "RELEASE-NOTES.md",
    "BUILD-RESULTS.json"
  ],
  "remote_writes": false
}
SIGNED BUILD COMPLETED; existing identity retained; temporary private key removed.
