PASS compiled 0.4.2 starts local API
PASS default current and separate baseline/CD profiles
PASS Steam folder recognized by DOS bytes as baseline 1.40b23
PASS dashboard independently shows source baseline
PASS source snapshot excludes saves and store executables
PASS changed supported Steam asset rejected
PASS failed import leaves previous known source active
PASS Steam baseline builds without requiring 1.31 package
PASS baseline source ANWINFIN variant preserved
PASS no source saved game copied into baseline
PASS baseline native config uses ORION2
PASS Steam directly upgrades baseline to current fan patch
PASS correct current engine output
PASS preparation never auto-starts game
PASS generated audio does not require MT-32 ROM
PASS CD pointer points to the isolated DOS C root
PASS same-engine rebuild preserves save and edited audio
PASS previous generation remains intact
PASS modified engine cannot launch
PASS repair restores exact engine
PASS process lifecycle exercised only by named test double
PASS launch process log proves test-double scope
PASS original Steam folder unchanged in all operations
PASS Steam cannot be silently downgraded to CD
PASS Steam ZIP supported without special filename
PASS CD archive recognized as 1.2
PASS official prerequisite imported by member hashes
PASS CD builds and verifies 1.2
PASS CD 1.2 exact executable identity
PASS CD 1.2 safe entry/config
PASS CD builds and verifies 1.31
PASS CD 1.31 exact executable identity
PASS CD 1.31 safe entry/config
PASS CD builds and verifies 1.40b23
PASS CD 1.40b23 exact executable identity
PASS CD 1.40b23 safe entry/config
PASS CD builds and verifies 1.50.26
PASS CD 1.50.26 exact executable identity
PASS CD 1.50.26 safe entry/config
PASS legacy owned archive still imports
PASS legacy source also constructs baseline before 1.50
PASS independent PRSL and Chat stay disabled
PASS all supplied source archives unchanged
PASS 0.4.2 verifies actual 0.4.1 existing environment
PASS old to new reconstruction retains save
PASS old generation retained after migration
PASS migrated baseline is b23
PASS operation locks released
