Verified signed manifest revision 41 and 4 packages.
[
  {
    "target": "windows-amd64",
    "setup_bytes": 6312448,
    "launcher_bytes": 7036928,
    "launcher_zip_bytes": 5659750,
    "compiled": true,
    "executed_here": false
  },
  {
    "target": "linux-amd64",
    "setup_bytes": 6107288,
    "launcher_bytes": 6819992,
    "launcher_zip_bytes": 5523502,
    "compiled": true,
    "executed_here": false
  },
  {
    "target": "darwin-amd64",
    "setup_bytes": 6268256,
    "launcher_bytes": 7000320,
    "launcher_zip_bytes": 5615819,
    "compiled": true,
    "executed_here": false
  },
  {
    "target": "darwin-arm64",
    "setup_bytes": 6012018,
    "launcher_bytes": 6704402,
    "launcher_zip_bytes": 5258139,
    "compiled": true,
    "executed_here": false
  }
]
