PASS actual HTTP API starts
PASS distribution providers visible
PASS PRSL remains independently unavailable
PASS actual unauthenticated HTTP request rejected
PASS offline Chromium startup profile selector renders
PASS PRSL and Chat visibly unavailable
PASS offline DOM fixture renders without a public URL
PASS UI shows automatic multiplayer dependencies
PASS UI exposes conflicting map selection
PASS original engine disables community mod controls
PASS narrow UI has no horizontal overflow
PASS Chromium reports no JavaScript exceptions
PASS actual mod-switch rebuild succeeds
PASS profile save survives mod-switch rebuild
PASS user CFG survives mod-switch rebuild
PASS selected configuration written without PRSL
PASS rebuilt workspace verifies
PASS engine corruption is detected
PASS corrupt engine launch refused
PASS repair restores pristine engine without reverse patching
PASS repair retained saves
PASS repair restored exact engine hash
PASS bad cached patch rejected
PASS failed install leaves active generation unchanged
PASS diagnostic export succeeds
PASS diagnostics omit access token and save content
PASS deactivation succeeds
PASS deactivation does not delete saves
PASS verified retained generation reactivates
PASS original 1.31 environment installs without patch
PASS patch absent from original environment
PASS original source saves not imported
PASS explicit runtime selection persists
PASS process lifecycle test double starts (NOT game execution)
PASS child process is reaped and status recorded
PASS source base archive unchanged
PASS source patch archive unchanged
PASS explicit launcher shutdown accepted
PASS manager process lock removed on clean shutdown
TOTAL 39
