PASS 408 real fingerprinted source files extracted for test
PASS actual 0.4.1 process accepts local API
PASS recognized folder imports through real API
PASS imported private archive verified by content hash
PASS snapshot excludes saved games and unrelated files
PASS modified source rejected
PASS failed import preserves previous source pointer
PASS actual local community patch imports
PASS test-double runtime explicitly selected
PASS one preparation action builds verified environment
PASS preparation does not launch game
PASS exact community engine present
PASS base game files unchanged in patched workspace
PASS archived host drive replaced by emulated C root
PASS DOSBox IRQ matches imported sound setup
PASS no previous saved game silently imported
PASS one-action ruleset switch builds independent generation
PASS test save preserved through ruleset switch
PASS original archive import remains supported
PASS explicit archive supersedes folder-source record
PASS source folder unchanged after all tests
PASS original supplied archives unchanged
PASS manager closes cleanly
