Verified signed manifest revision 47 and 4 packages.
[
  {
    "target": "windows-amd64",
    "setup_bytes": 6328320,
    "launcher_bytes": 7847424,
    "launcher_zip_bytes": 5929672,
    "compiled": true,
    "executed_here": false
  },
  {
    "target": "linux-amd64",
    "setup_bytes": 6123672,
    "launcher_bytes": 7622808,
    "launcher_zip_bytes": 5785846,
    "compiled": true,
    "executed_here": false
  },
  {
    "target": "darwin-amd64",
    "setup_bytes": 6284736,
    "launcher_bytes": 7801024,
    "launcher_zip_bytes": 5876914,
    "compiled": true,
    "executed_here": false
  },
  {
    "target": "darwin-arm64",
    "setup_bytes": 6012114,
    "launcher_bytes": 7515474,
    "launcher_zip_bytes": 5526487,
    "compiled": true,
    "executed_here": false
  }
]
