PASS unmodified old manager actually reports 0.4.2
PASS reproduced 0.4.2 environment omitting RKERNEL.COM
PASS old manager incorrectly verified missing-kernel environment
PASS old launch gate permitted missing kernel (test double only)
PASS new actual executable identity visible
PASS upgrade did not move or replace game automatically
PASS UI network preflight shows exact missing-kernel path
PASS new manager blocks old environment before process start
PASS failed preflight saved for diagnosis
PASS archived pre-fix kernel normalized into private verified cache
PASS kernel import did not alter active old game
PASS repair committed a separate new generation
PASS repaired community contains exact canonical network kernel
PASS full repaired workspace verifies
PASS same-engine saved bytes preserved
PASS UI now reports network kernel verified
PASS normalized archived driver equals supplied Steam driver byte-for-byte
PASS direct host uses same directory for runtime/kernel/game
PASS direct host produces intended IPX command
PASS direct host executed only the labelled test double
PASS direct join uses same directory for runtime/kernel/game
PASS direct join produces intended IPX command
PASS direct join executed only the labelled test double
PASS dopefish host uses same directory for runtime/kernel/game
PASS dopefish host produces intended IPX command
PASS dopefish host executed only the labelled test double
PASS dopefish join uses same directory for runtime/kernel/game
PASS dopefish join produces intended IPX command
PASS dopefish join executed only the labelled test double
PASS deleted kernel refused even for standalone role
PASS modified kernel refused before launch
PASS unknown manual kernel rejected without damaging verified cache
PASS second repair restores driver without losing save
PASS PRSL and future Chat remain disabled
PASS future SGC online cannot be selected
PASS all supplied archive bytes unchanged
