PASS version has exactly three components
PASS online endpoints embedded
PASS signed launcher installed natively
PASS installed files verified
PASS repeat install idempotent
PASS signed installed update helper executes
PASS actual native launcher HTTP API
PASS PRSL and Chat stay independently disabled
PASS signed online feed configured
PASS clean launcher shutdown
PASS all operation locks released
{
  "platform": "linux-amd64",
  "version": "0.4.7",
  "checks": [
    {
      "test": "version has exactly three components",
      "result": "PASS"
    },
    {
      "test": "online endpoints embedded",
      "result": "PASS"
    },
    {
      "test": "signed launcher installed natively",
      "result": "PASS"
    },
    {
      "test": "installed files verified",
      "result": "PASS"
    },
    {
      "test": "repeat install idempotent",
      "result": "PASS"
    },
    {
      "test": "signed installed update helper executes",
      "result": "PASS"
    },
    {
      "test": "actual native launcher HTTP API",
      "result": "PASS"
    },
    {
      "test": "PRSL and Chat stay independently disabled",
      "result": "PASS"
    },
    {
      "test": "signed online feed configured",
      "result": "PASS"
    },
    {
      "test": "clean launcher shutdown",
      "result": "PASS"
    },
    {
      "test": "all operation locks released",
      "result": "PASS"
    }
  ],
  "count": 11,
  "network_used": false,
  "game_executed": false
}
