Verified signed manifest revision 47 and 4 packages.
{
  "version": "0.4.7",
  "repository": "MOO2-Social-Gaming-Community/MOO2-SGC---Launcher-and-Installer",
  "tag": "v0.4.7",
  "assets": [
    "launcher-0.4.7-windows-amd64.zip",
    "MOO2-SGC-Setup.exe",
    "launcher-0.4.7-linux-amd64.zip",
    "MOO2-SGC-Setup-linux-amd64",
    "launcher-0.4.7-darwin-amd64.zip",
    "MOO2-SGC-Setup-darwin-amd64",
    "launcher-0.4.7-darwin-arm64.zip",
    "MOO2-SGC-Setup-darwin-arm64",
    "manifest.json",
    "manifest.sig",
    "trust-public.json",
    "SHA256SUMS.txt",
    "RELEASE-NOTES.md",
    "BUILD-RESULTS.json"
  ],
  "remote_writes": false
}
{
  "version": "0.4.7",
  "kit": "/mnt/data/MOO2_SGC_0.4.7_PORTABLE_INTEGRATION.zip",
  "members": 21,
  "game_data": false,
  "runtime_binaries": false,
  "signing_keys": false
}
