Verified signed manifest revision 46 and 4 packages.
{
  "version": "0.4.6",
  "repository": "MOO2-Social-Gaming-Community/MOO2-SGC---Launcher-and-Installer",
  "tag": "v0.4.6",
  "assets": [
    "launcher-0.4.6-windows-amd64.zip",
    "MOO2-SGC-Setup.exe",
    "launcher-0.4.6-linux-amd64.zip",
    "MOO2-SGC-Setup-linux-amd64",
    "launcher-0.4.6-darwin-amd64.zip",
    "MOO2-SGC-Setup-darwin-amd64",
    "launcher-0.4.6-darwin-arm64.zip",
    "MOO2-SGC-Setup-darwin-arm64",
    "manifest.json",
    "manifest.sig",
    "trust-public.json",
    "SHA256SUMS.txt",
    "RELEASE-NOTES.md",
    "BUILD-RESULTS.json"
  ],
  "remote_writes": false
}
