PASS actual manager displays 0.4.7
PASS running executable and root identity visible
PASS owned network kernel import is available
PASS unprepared kernel is not shown as verified
PASS future SGC service is explicitly disabled
PASS local profile retains a valid default transport choice
PASS relay selection hides direct-host fields
PASS direct hosting restores nonprivileged default
PASS local play disables network service selection
PASS portable default is baseline, not community
PASS root baseline engine is locked
PASS four explicit engine choices
PASS launch disabled before an environment/runtime exists
PASS profile baseline resolves without 1.50 rules
PASS profile baseline cannot select community add-ons
PASS profile baseline has no misleading 1.50 Core selection
PASS profile cd-original resolves without 1.50 rules
PASS profile cd-original cannot select community add-ons
PASS profile cd-original has no misleading 1.50 Core selection
PASS profile original resolves without 1.50 rules
PASS profile original cannot select community add-ons
PASS profile original has no misleading 1.50 Core selection
PASS community rulesets re-enable when returning to current
PASS network plan exposes actual selected game executable
PASS displayed relay plan matches generated transport
PASS diagnostic button cannot run without a runtime
PASS profile change persists to manager rather than local-port browser storage
PASS saved network choices retained
PASS fresh page restores community instead of reverting to baseline
PASS fresh page restores Dopefish host role
PASS official prerequisite local import available
PASS source status communicates effective baseline
PASS narrow viewport has no horizontal document overflow
PASS no JavaScript runtime errors
